// Jest Snapshot v1, https://goo.gl/fbAQLP

exports[`Reducer Services Component SUCCESS servicesRedux Snapshot servicesRedux 1`] = `
Object {
  "product": Object {
    "list": Object {
      "data": Array [
        "cool",
      ],
      "group": "product",
      "isError": false,
      "isSuccess": true,
      "key": "list",
      "message": Object {
        "message": "cool its me",
      },
      "reducer": "reducer",
      "type": 200,
    },
  },
  "user": Object {
    "auth": false,
  },
}
`;

exports[`Reducer Services Component SUCCESS servicesState  Snapshot servicesState 1`] = `
Object {
  "product": Object {
    "list": false,
  },
  "user": Object {
    "auth": false,
  },
}
`;
